<html>
<body>
<pre>
<h1>µVision Build Log</h1>
<h2>Tool Versions:</h2>
IDE-Version: µVision V5.36.0.0
Copyright (C) 2021 ARM Ltd and ARM Germany GmbH. All rights reserved.
License Information: Esther Zhang, unimelb, LIC=8MZ9S-567RL-5E3SX-0ADHW-RM735-GQ9TI
 
Tool Versions:
Toolchain:       MDK-ARM Professional  Version: 5.36.0.0
Toolchain Path:  E:\Keil\ARM\ARMCC\Bin
C Compiler:      Armcc.exe V5.06 update 7 (build 960)
Assembler:       Armasm.exe V5.06 update 7 (build 960)
Linker/Locator:  ArmLink.exe V5.06 update 7 (build 960)
Library Manager: ArmAr.exe V5.06 update 7 (build 960)
Hex Converter:   FromElf.exe V5.06 update 7 (build 960)
CPU DLL:         SARMCM3.DLL V5.36.0.0
Dialog DLL:      DCM.DLL V1.17.3.0
Target DLL:      CMSIS_AGDI.dll V1.33.0.0
Dialog DLL:      TCM.DLL V1.53.0.0
 
<h2>Project:</h2>
D:\school\Capstone\Product_Design\TestSoftware4\MDK-ARM\CBB024D-V1.0.uvprojx
Project File Date:  05/16/2022

<h2>Output:</h2>
*** Using Compiler 'V5.06 update 7 (build 960)', folder: 'E:\Keil\ARM\ARMCC\Bin'
Build target 'CBB024D-V1.0'
compiling function.c...
..\Core\Src\function.c(476): warning:  #550-D: variable "ITemp"  was set but never used
  	int32_t ITemp = 0;
..\Core\Src\function.c: 1 warning, 0 errors
linking...
Program Size: Code=19922 RO-data=2554 RW-data=208 ZI-data=2304  
FromELF: creating hex file...
CBB024D-V1.0\CBB024D-V1.hex: Warning: Q9931W: Your license for feature Keil will expire in 9 days
Finished: 0 information, 1 warning and 0 error messages.
"CBB024D-V1.0\CBB024D-V1.0" - 0 Error(s), 1 Warning(s).

<h2>Software Packages used:</h2>

Package Vendor: ARM
                http://www.keil.com/pack/ARM.CMSIS.5.8.0.pack
                ARM.CMSIS.5.8.0
                CMSIS (Common Microcontroller Software Interface Standard)
   * Component: CORE Version: 5.5.0

Package Vendor: Keil
                http://www.keil.com/pack/Keil.STM32F3xx_DFP.2.2.2.pack
                Keil.STM32F3xx_DFP.2.2.2
                STMicroelectronics STM32F3 Series Device Support and Examples

<h2>Collection of Component include folders:</h2>
  .\RTE\_CBB024D-V1.0
  E:\Arm\Packs\ARM\CMSIS\5.8.0\CMSIS\Core\Include
  E:\Arm\Packs\Keil\STM32F3xx_DFP\2.2.2\Drivers\CMSIS\Device\ST\STM32F3xx\Include

<h2>Collection of Component Files used:</h2>

   * Component: ARM::CMSIS:CORE:5.5.0
Build Time Elapsed:  00:00:02
</pre>
</body>
</html>
